../Drivers/CMSIS/Include/core_cm0plus.h:741:22:__NVIC_EnableIRQ	16	static,ignoring_inline_asm
../Drivers/CMSIS/Include/core_cm0plus.h:850:22:__NVIC_SetPriority	24	static
../Core/Src/main.c:24:5:main	8	static
../Core/Src/main.c:38:9:conIntToAlp	16	static
../Core/Src/main.c:60:6:TIM3_IRQHandler	8	static
../Core/Src/main.c:90:6:EXTI0_1_IRQHandler	8	static
../Core/Src/main.c:148:6:EXTI4_15_IRQHandler	8	static
../Core/Src/main.c:178:6:EXTI2_3_IRQHandler	8	static
../Core/Src/main.c:296:6:printChar	16	static
../Core/Src/main.c:301:6:SetKeypad	8	static
../Core/Src/main.c:309:6:ResetKeypad	8	static
../Core/Src/main.c:316:6:delay	16	static
../Core/Src/main.c:320:6:keypad_Config	8	static
../Core/Src/main.c:369:6:USART2_Config	16	static
../Core/Src/main.c:398:6:TIM3_Config	8	static
