22:55:51 **** Incremental Build of configuration Debug for project problem3 ****
make -j8 all 
arm-none-eabi-gcc "../Core/Src/main.c" -mcpu=cortex-m0plus -std=gnu11 -g3 -DDEBUG -DUSE_HAL_DRIVER -DSTM32G031xx -c -I../Core/Inc -I../Drivers/STM32G0xx_HAL_Driver/Inc -I../Drivers/STM32G0xx_HAL_Driver/Inc/Legacy -I../Drivers/CMSIS/Device/ST/STM32G0xx/Include -I../Drivers/CMSIS/Include -O0 -ffunction-sections -fdata-sections -Wall -fstack-usage -fcyclomatic-complexity -MMD -MP -MF"Core/Src/main.d" -MT"Core/Src/main.o" --specs=nano.specs -mfloat-abi=soft -mthumb -o "Core/Src/main.o"
arm-none-eabi-gcc -o "problem3.elf" @"objects.list"   -mcpu=cortex-m0plus -T"D:\EE3.1\ELM335_WS\lab4\problem3\STM32G031K8TX_FLASH.ld" --specs=nosys.specs -Wl,-Map="problem3.map" -Wl,--gc-sections -static --specs=nano.specs -mfloat-abi=soft -mthumb -Wl,--start-group -lc -lm -Wl,--end-group
Finished building target: problem3.elf
 
arm-none-eabi-size  problem3.elf 
arm-none-eabi-objdump -h -S problem3.elf  > "problem3.list"
arm-none-eabi-objcopy  -O ihex problem3.elf  "problem3.hex"
   text	   data	    bss	    dec	    hex	filename
   4020	     20	   1596	   5636	   1604	problem3.elf
arm-none-eabi-objcopy  -O binary problem3.elf  "problem3.bin"
Finished building: default.size.stdout
 
Finished building: problem3.list
Finished building: problem3.hex
Finished building: problem3.bin
 
 
 
23:01:17 **** Incremental Build of configuration Debug for project problem3 ****
make -j8 all 
arm-none-eabi-size  problem3.elf 
   text	   data	    bss	    dec	    hex	filename
   4020	     20	   1596	   5636	   1604	problem3.elf
Finished building: default.size.stdout
 
