21:47:19 **** Build of configuration Debug for project problem2 ****
make -j8 all 
arm-none-eabi-gcc "../Core/Src/main.c" -mcpu=cortex-m0plus -std=gnu11 -g3 -DDEBUG -DUSE_HAL_DRIVER -DSTM32G031xx -c -I../Core/Inc -I../Drivers/STM32G0xx_HAL_Driver/Inc -I../Drivers/STM32G0xx_HAL_Driver/Inc/Legacy -I../Drivers/CMSIS/Device/ST/STM32G0xx/Include -I../Drivers/CMSIS/Include -O0 -ffunction-sections -fdata-sections -Wall -fstack-usage -fcyclomatic-complexity -MMD -MP -MF"Core/Src/main.d" -MT"Core/Src/main.o" --specs=nano.specs -mfloat-abi=soft -mthumb -o "Core/Src/main.o"
arm-none-eabi-gcc -o "problem2.elf" @"objects.list"   -mcpu=cortex-m0plus -T"D:\EE3.1\ELM335_WS\lab4\problem2\STM32G031K8TX_FLASH.ld" --specs=nosys.specs -Wl,-Map="problem2.map" -Wl,--gc-sections -static --specs=nano.specs -mfloat-abi=soft -mthumb -Wl,--start-group -lc -lm -Wl,--end-group
Finished building target: problem2.elf
 
arm-none-eabi-size  problem2.elf 
arm-none-eabi-objdump -h -S problem2.elf  > "problem2.list"
arm-none-eabi-objcopy  -O ihex problem2.elf  "problem2.hex"
   text	   data	    bss	    dec	    hex	filename
   1224	     12	   1572	   2808	    af8	problem2.elf
arm-none-eabi-objcopy  -O binary problem2.elf  "problem2.bin"
Finished building: default.size.stdout
 
Finished building: problem2.list
Finished building: problem2.hex
Finished building: problem2.bin
 
 
 

21:47:20 Build Finished. 0 errors, 0 warnings. (took 1s.80ms)

