../Drivers/CMSIS/Include/core_cm0plus.h:741:22:__NVIC_EnableIRQ	16	static,ignoring_inline_asm
../Drivers/CMSIS/Include/core_cm0plus.h:850:22:__NVIC_SetPriority	24	static
../Core/Src/main.c:18:6:TIM3_IRQHandler	8	static
../Core/Src/main.c:23:6:TIM2_IRQHandler	8	static
../Core/Src/main.c:36:5:main	8	static
../Core/Src/main.c:49:10:ADC_Data	8	static
../Core/Src/main.c:62:6:GPIO_Config	8	static
../Core/Src/main.c:88:6:ADC_Config	8	static
../Core/Src/main.c:108:6:TIM2_Config	8	static
../Core/Src/main.c:138:6:TIM3_Config	8	static
../Core/Src/main.c:166:6:Delay	16	static
