16:32:41 **** Incremental Build of configuration Debug for project problem2 ****
make -j8 all 
arm-none-eabi-gcc "../Core/Src/main.c" -mcpu=cortex-m0plus -std=gnu11 -g3 -DDEBUG -DUSE_HAL_DRIVER -DSTM32G031xx -c -I../Core/Inc -I../Drivers/STM32G0xx_HAL_Driver/Inc -I../Drivers/STM32G0xx_HAL_Driver/Inc/Legacy -I../Drivers/CMSIS/Device/ST/STM32G0xx/Include -I../Drivers/CMSIS/Include -O0 -ffunction-sections -fdata-sections -Wall -fstack-usage -fcyclomatic-complexity -MMD -MP -MF"Core/Src/main.d" -MT"Core/Src/main.o" --specs=nano.specs -mfloat-abi=soft -mthumb -o "Core/Src/main.o"
../Core/Src/main.c: In function 'printInt':
../Core/Src/main.c:116:9: warning: implicit declaration of function 'snprintf' [-Wimplicit-function-declaration]
  116 |         snprintf(buffer, 5, "%d\n", intVal);
      |         ^~~~~~~~
../Core/Src/main.c:7:1: note: include '<stdio.h>' or provide a declaration of 'snprintf'
    6 | #include "stm32g0xx.h"
  +++ |+#include <stdio.h>
    7 | 
../Core/Src/main.c:116:9: warning: incompatible implicit declaration of built-in function 'snprintf' [-Wbuiltin-declaration-mismatch]
  116 |         snprintf(buffer, 5, "%d\n", intVal);
      |         ^~~~~~~~
../Core/Src/main.c:116:9: note: include '<stdio.h>' or provide a declaration of 'snprintf'
../Core/Src/main.c: In function 'print':
../Core/Src/main.c:122:29: warning: comparison between pointer and integer
  122 |         for(char *i = s; *i != NULL; i++) length++;
      |                             ^~
arm-none-eabi-gcc -o "problem2.elf" @"objects.list"   -mcpu=cortex-m0plus -T"D:\EE3.1\ELM335_WS\lab5\problem2\STM32G031K8TX_FLASH.ld" --specs=nosys.specs -Wl,-Map="problem2.map" -Wl,--gc-sections -static --specs=nano.specs -mfloat-abi=soft -mthumb -Wl,--start-group -lc -lm -Wl,--end-group
Finished building target: problem2.elf
 
arm-none-eabi-size  problem2.elf 
arm-none-eabi-objdump -h -S problem2.elf  > "problem2.list"
   text	   data	    bss	    dec	    hex	filename
   6192	     92	   1908	   8192	   2000	problem2.elf
Finished building: default.size.stdout
 
Finished building: problem2.list
 
16:32:44 **** Incremental Build of configuration Debug for project problem2 ****
make -j8 all 
arm-none-eabi-size  problem2.elf 
   text	   data	    bss	    dec	    hex	filename
   6192	     92	   1908	   8192	   2000	problem2.elf
Finished building: default.size.stdout
 
16:36:05 **** Incremental Build of configuration Debug for project problem2 ****
make -j8 all 
arm-none-eabi-size  problem2.elf 
   text	   data	    bss	    dec	    hex	filename
   6192	     92	   1908	   8192	   2000	problem2.elf
Finished building: default.size.stdout
 
16:37:33 **** Incremental Build of configuration Debug for project problem2 ****
make -j8 all 
arm-none-eabi-gcc "../Core/Src/main.c" -mcpu=cortex-m0plus -std=gnu11 -g3 -DDEBUG -DUSE_HAL_DRIVER -DSTM32G031xx -c -I../Core/Inc -I../Drivers/STM32G0xx_HAL_Driver/Inc -I../Drivers/STM32G0xx_HAL_Driver/Inc/Legacy -I../Drivers/CMSIS/Device/ST/STM32G0xx/Include -I../Drivers/CMSIS/Include -O0 -ffunction-sections -fdata-sections -Wall -fstack-usage -fcyclomatic-complexity -MMD -MP -MF"Core/Src/main.d" -MT"Core/Src/main.o" --specs=nano.specs -mfloat-abi=soft -mthumb -o "Core/Src/main.o"
../Core/Src/main.c: In function 'printInt':
../Core/Src/main.c:116:9: warning: implicit declaration of function 'snprintf' [-Wimplicit-function-declaration]
  116 |         snprintf(buffer, 5, "%d\n", intVal);
      |         ^~~~~~~~
../Core/Src/main.c:7:1: note: include '<stdio.h>' or provide a declaration of 'snprintf'
    6 | #include "stm32g0xx.h"
  +++ |+#include <stdio.h>
    7 | 
../Core/Src/main.c:116:9: warning: incompatible implicit declaration of built-in function 'snprintf' [-Wbuiltin-declaration-mismatch]
  116 |         snprintf(buffer, 5, "%d\n", intVal);
      |         ^~~~~~~~
../Core/Src/main.c:116:9: note: include '<stdio.h>' or provide a declaration of 'snprintf'
../Core/Src/main.c: In function 'print':
../Core/Src/main.c:122:29: warning: comparison between pointer and integer
  122 |         for(char *i = s; *i != NULL; i++) length++;
      |                             ^~
arm-none-eabi-gcc -o "problem2.elf" @"objects.list"   -mcpu=cortex-m0plus -T"D:\EE3.1\ELM335_WS\lab5\problem2\STM32G031K8TX_FLASH.ld" --specs=nosys.specs -Wl,-Map="problem2.map" -Wl,--gc-sections -static --specs=nano.specs -mfloat-abi=soft -mthumb -Wl,--start-group -lc -lm -Wl,--end-group
Finished building target: problem2.elf
 
arm-none-eabi-size  problem2.elf 
arm-none-eabi-objdump -h -S problem2.elf  > "problem2.list"
   text	   data	    bss	    dec	    hex	filename
   6192	     92	   1908	   8192	   2000	problem2.elf
Finished building: default.size.stdout
 
Finished building: problem2.list
 
16:41:50 **** Incremental Build of configuration Debug for project problem2 ****
make -j8 all 
arm-none-eabi-size  problem2.elf 
   text	   data	    bss	    dec	    hex	filename
   6192	     92	   1908	   8192	   2000	problem2.elf
Finished building: default.size.stdout
 
16:48:09 **** Incremental Build of configuration Debug for project problem2 ****
make -j8 all 
arm-none-eabi-size  problem2.elf 
   text	   data	    bss	    dec	    hex	filename
   6192	     92	   1908	   8192	   2000	problem2.elf
Finished building: default.size.stdout
 
16:51:09 **** Incremental Build of configuration Debug for project problem2 ****
make -j8 all 
arm-none-eabi-gcc "../Core/Src/main.c" -mcpu=cortex-m0plus -std=gnu11 -g3 -DDEBUG -DUSE_HAL_DRIVER -DSTM32G031xx -c -I../Core/Inc -I../Drivers/STM32G0xx_HAL_Driver/Inc -I../Drivers/STM32G0xx_HAL_Driver/Inc/Legacy -I../Drivers/CMSIS/Device/ST/STM32G0xx/Include -I../Drivers/CMSIS/Include -O0 -ffunction-sections -fdata-sections -Wall -fstack-usage -fcyclomatic-complexity -MMD -MP -MF"Core/Src/main.d" -MT"Core/Src/main.o" --specs=nano.specs -mfloat-abi=soft -mthumb -o "Core/Src/main.o"
../Core/Src/main.c: In function 'printInt':
../Core/Src/main.c:116:9: warning: implicit declaration of function 'snprintf' [-Wimplicit-function-declaration]
  116 |         snprintf(buffer, 5, "%d\n\r", intVal);
      |         ^~~~~~~~
../Core/Src/main.c:7:1: note: include '<stdio.h>' or provide a declaration of 'snprintf'
    6 | #include "stm32g0xx.h"
  +++ |+#include <stdio.h>
    7 | 
../Core/Src/main.c:116:9: warning: incompatible implicit declaration of built-in function 'snprintf' [-Wbuiltin-declaration-mismatch]
  116 |         snprintf(buffer, 5, "%d\n\r", intVal);
      |         ^~~~~~~~
../Core/Src/main.c:116:9: note: include '<stdio.h>' or provide a declaration of 'snprintf'
../Core/Src/main.c: In function 'print':
../Core/Src/main.c:122:29: warning: comparison between pointer and integer
  122 |         for(char *i = s; *i != NULL; i++) length++;
      |                             ^~
arm-none-eabi-gcc -o "problem2.elf" @"objects.list"   -mcpu=cortex-m0plus -T"D:\EE3.1\ELM335_WS\lab5\problem2\STM32G031K8TX_FLASH.ld" --specs=nosys.specs -Wl,-Map="problem2.map" -Wl,--gc-sections -static --specs=nano.specs -mfloat-abi=soft -mthumb -Wl,--start-group -lc -lm -Wl,--end-group
Finished building target: problem2.elf
 
arm-none-eabi-size  problem2.elf 
arm-none-eabi-objdump -h -S problem2.elf  > "problem2.list"
   text	   data	    bss	    dec	    hex	filename
   6196	     92	   1908	   8196	   2004	problem2.elf
Finished building: default.size.stdout
 
Finished building: problem2.list
 
