../Drivers/CMSIS/Include/core_cm0plus.h:741:22:__NVIC_EnableIRQ	16	static,ignoring_inline_asm
../Drivers/CMSIS/Include/core_cm0plus.h:850:22:__NVIC_SetPriority	24	static
../Core/Src/main.c:14:5:main	8	static
../Core/Src/main.c:39:6:InitTimer	8	static
../Core/Src/main.c:57:6:TIM3_IRQHandler	8	static
../Core/Src/main.c:64:6:delay	16	static
../Core/Src/main.c:68:6:LedInit	8	static
../Core/Src/main.c:80:6:LedToggle	8	static
../Core/Src/main.c:84:6:ButtonInit	8	static
../Core/Src/main.c:110:6:EXTI0_1_IRQHandler	8	static
